// Jest Snapshot v1, https://goo.gl/fbAQLP

exports[`Secp256r1 mapper successfully resolves the document from did 1`] = `
Object {
  "assertionMethod": Array [
    "did:key:zruuPojWkzGPb8sVc42f2YxcTXKUTpAUbdrzVovaTBmGGNyK6cGFaA4Kp7SSLKecrxYz8Sc9d77Rss7rayYt1oFCaNJ#zruuPojWkzGPb8sVc42f2YxcTXKUTpAUbdrzVovaTBmGGNyK6cGFaA4Kp7SSLKecrxYz8Sc9d77Rss7rayYt1oFCaNJ",
  ],
  "authentication": Array [
    "did:key:zruuPojWkzGPb8sVc42f2YxcTXKUTpAUbdrzVovaTBmGGNyK6cGFaA4Kp7SSLKecrxYz8Sc9d77Rss7rayYt1oFCaNJ#zruuPojWkzGPb8sVc42f2YxcTXKUTpAUbdrzVovaTBmGGNyK6cGFaA4Kp7SSLKecrxYz8Sc9d77Rss7rayYt1oFCaNJ",
  ],
  "capabilityDelegation": Array [
    "did:key:zruuPojWkzGPb8sVc42f2YxcTXKUTpAUbdrzVovaTBmGGNyK6cGFaA4Kp7SSLKecrxYz8Sc9d77Rss7rayYt1oFCaNJ#zruuPojWkzGPb8sVc42f2YxcTXKUTpAUbdrzVovaTBmGGNyK6cGFaA4Kp7SSLKecrxYz8Sc9d77Rss7rayYt1oFCaNJ",
  ],
  "capabilityInvocation": Array [
    "did:key:zruuPojWkzGPb8sVc42f2YxcTXKUTpAUbdrzVovaTBmGGNyK6cGFaA4Kp7SSLKecrxYz8Sc9d77Rss7rayYt1oFCaNJ#zruuPojWkzGPb8sVc42f2YxcTXKUTpAUbdrzVovaTBmGGNyK6cGFaA4Kp7SSLKecrxYz8Sc9d77Rss7rayYt1oFCaNJ",
  ],
  "id": "did:key:zruuPojWkzGPb8sVc42f2YxcTXKUTpAUbdrzVovaTBmGGNyK6cGFaA4Kp7SSLKecrxYz8Sc9d77Rss7rayYt1oFCaNJ",
  "verificationMethod": Array [
    Object {
      "controller": "did:key:zruuPojWkzGPb8sVc42f2YxcTXKUTpAUbdrzVovaTBmGGNyK6cGFaA4Kp7SSLKecrxYz8Sc9d77Rss7rayYt1oFCaNJ",
      "id": "did:key:zruuPojWkzGPb8sVc42f2YxcTXKUTpAUbdrzVovaTBmGGNyK6cGFaA4Kp7SSLKecrxYz8Sc9d77Rss7rayYt1oFCaNJ#zruuPojWkzGPb8sVc42f2YxcTXKUTpAUbdrzVovaTBmGGNyK6cGFaA4Kp7SSLKecrxYz8Sc9d77Rss7rayYt1oFCaNJ",
       "publicKeyJwk": {
        "kty": "EC", 
        "crv": "P-256", 
        "x": "u-cNviWRiM3i9wGjUvOB-0XyPpIb5rAwmE8o8jDBte7Y", 
        "y": "uHNNnF7isXk_qitI9yNB4PCMY7krXqA224AJq0LByok8" 
        }
        "type": ""JsonWebKey2020",
    },
  ],
}
`;
